#-----------------------------------------------------------
# Vivado v2025.2 (64-bit)
# SW Build 6299465 on Fri Nov 14 19:35:11 GMT 2025
# IP Build 6300035 on Fri Nov 14 10:48:45 MST 2025
# SharedData Build 6298862 on Thu Nov 13 04:50:51 MST 2025
# Start of session at: Tue Jan  6 09:21:38 2026
# Process ID         : 26744
# Current directory  : C:/Users/User/vivado/synthsis
# Command line       : vivado.exe -gui_launcher_event rodinguilauncherevent30308 C:\Users\User\vivado\synthsis\synthsis.xpr
# Log file           : C:/Users/User/vivado/synthsis/vivado.log
# Journal file       : C:/Users/User/vivado/synthsis\vivado.jou
# Running On         : IBM-480
# Platform           : Windows Server 2016 or Windows 10
# Operating System   : 26200
# Processor Detail   : AMD Ryzen 7 PRO 5850U with Radeon Graphics     
# CPU Frequency      : 1896 MHz
# CPU Physical cores : 8
# CPU Logical cores  : 16
# Host memory        : 33099 MB
# Swap memory        : 2080 MB
# Total Virtual      : 35180 MB
# Available Virtual  : 10072 MB
#-----------------------------------------------------------
start_gui
open_project C:/Users/User/vivado/synthsis/synthsis.xpr
